// Jest Snapshot v1, https://goo.gl/fbAQLP

exports[`ContactInfoS4 matches snapshot 1`] = `
<div
  className="contact-info-s4"
>
  <div
    className="contact-info-header"
  >
    <h1>
      Contact Information
    </h1>
  </div>
  <form
    className="contact-info-form"
    onSubmit={[MockFunction]}
  >
    <div
      className="contact-name-info"
    >
      <div
        className="contact-info-fName"
      >
        <label
          htmlFor="contact-fname"
        >
          First Name
        </label>
        <br />
        <input
          className="contact-info-input"
          id="contact-fname"
          name="fname"
          onChange={[MockFunction]}
          placeholder="e.g. John"
          type="text"
          value="John"
        />
      </div>
      <div
        className="contact-info-lName"
      >
        <label
          htmlFor="contact-lname"
        >
          Last Name
        </label>
        <br />
        <input
          className="contact-info-input"
          id="contact-lname"
          name="lname"
          onChange={[MockFunction]}
          placeholder="e.g. Doe"
          type="text"
          value="Doe"
        />
      </div>
    </div>
    <div
      className="contact-info-email-phone"
    >
      <div
        className="contact-info-email"
      >
        <label
          htmlFor="contact-email"
        >
          Email
        </label>
        <br />
        <input
          className="contact-info-input"
          id="contact-email"
          name="email"
          onChange={[MockFunction]}
          placeholder="e.g. john.doe@example.com"
          type="email"
          value="john.doe@example.com"
        />
      </div>
      <div
        className="contact-info-phone"
      >
        <label
          htmlFor="contact-phone"
        >
          Phone Number
        </label>
        <br />
        <input
          className="contact-info-input"
          id="contact-phone"
          name="phone"
          onChange={[MockFunction]}
          placeholder="e.g. 123-456-7890"
          type="tel"
          value="123-456-7890"
        />
      </div>
    </div>
    <div
      className="contact-info-notif-subBtn"
    >
      <div
        className="contact-info-notifications"
      >
        <h1
          className="notif-header"
        >
          Notifications
        </h1>
        <input
          checked={true}
          id="emailNotif"
          name="email"
          onChange={[MockFunction]}
          type="checkbox"
        />
        <label
          htmlFor="emailNotif"
        >
            Notify by Email
        </label>
        <br />
        <input
          checked={false}
          id="textNotif"
          name="text"
          onChange={[MockFunction]}
          type="checkbox"
        />
        <label
          htmlFor="textNotif"
        >
            Notify by Text Message
        </label>
        <br />
      </div>
      <button
        className="contact-info-sbmt-btn"
        type="submit"
      >
        Submit
      </button>
    </div>
  </form>
</div>
`;
